<?xml version="1.0" encoding="utf-8"?><testsuites name="pytest tests"><testsuite name="pytest" errors="0" failures="1" skipped="0" tests="8" time="1.024" timestamp="2026-02-01T17:17:08.410008+02:00" hostname="Bodia"><testcase classname="tests.unit.dmarket.test_dmarket_api.TestDMarketAPIInitialization" name="test_init_with_string_secret_key" time="0.068" /><testcase classname="tests.unit.dmarket.test_dmarket_api.TestDMarketAPIInitialization" name="test_init_with_bytes_secret_key" time="0.001" /><testcase classname="tests.unit.dmarket.test_dmarket_api.TestDMarketAPIInitialization" name="test_init_dry_run_true_default" time="0.001" /><testcase classname="tests.unit.dmarket.test_dmarket_api.TestDMarketAPIInitialization" name="test_init_dry_run_false_warning" time="0.001" /><testcase classname="tests.unit.dmarket.test_dmarket_api.TestDMarketAPIInitialization" name="test_init_default_values" time="0.001" /><testcase classname="tests.unit.dmarket.test_dmarket_api.TestDMarketAPIInitialization" name="test_init_custom_values" time="0.001" /><testcase classname="tests.unit.dmarket.test_dmarket_api.TestDMarketAPIInitialization" name="test_init_pool_limits" time="0.001" /><testcase classname="tests.unit.dmarket.test_dmarket_api.TestDMarketAPIInitialization" name="test_init_rate_limiter" time="0.001"><failure message="AttributeError: 'DMarketAPI' object has no attribute 'advanced_rate_limiter'">tests\unit\dmarket\test_dmarket_api.py:127: in test_init_rate_limiter
    assert api_client.advanced_rate_limiter is not None
           ^^^^^^^^^^^^^^^^^^^^^^^^^^^^^^^^
E   AttributeError: 'DMarketAPI' object has no attribute 'advanced_rate_limiter'</failure></testcase></testsuite></testsuites>